../../Drivers/STM32G0xx_HAL_Driver/Inc/stm32g0xx_hal_hcd.h:478:26:HCD_GET_CH_RX_CNT	24	static
../../Drivers/STM32G0xx_HAL_Driver/Inc/stm32g0xx_hal_hcd.h:512:26:HCD_GET_CH_DBUF0_CNT	24	static
../../Drivers/STM32G0xx_HAL_Driver/Inc/stm32g0xx_hal_hcd.h:532:26:HCD_GET_CH_DBUF1_CNT	24	static
C:/Users/tilie/Documents/bobi/board-g0b1/NiamaGO-G0B1/Drivers/STM32G0xx_HAL_Driver/Src/stm32g0xx_hal_hcd.c:119:19:HAL_HCD_Init	72	static
C:/Users/tilie/Documents/bobi/board-g0b1/NiamaGO-G0B1/Drivers/STM32G0xx_HAL_Driver/Src/stm32g0xx_hal_hcd.c:212:19:HAL_HCD_HC_Init	72	static
C:/Users/tilie/Documents/bobi/board-g0b1/NiamaGO-G0B1/Drivers/STM32G0xx_HAL_Driver/Src/stm32g0xx_hal_hcd.c:418:19:HAL_HCD_HC_Close	16	static
C:/Users/tilie/Documents/bobi/board-g0b1/NiamaGO-G0B1/Drivers/STM32G0xx_HAL_Driver/Src/stm32g0xx_hal_hcd.c:449:19:HAL_HCD_HC_Halt	32	static
C:/Users/tilie/Documents/bobi/board-g0b1/NiamaGO-G0B1/Drivers/STM32G0xx_HAL_Driver/Src/stm32g0xx_hal_hcd.c:472:19:HAL_HCD_DeInit	24	static
C:/Users/tilie/Documents/bobi/board-g0b1/NiamaGO-G0B1/Drivers/STM32G0xx_HAL_Driver/Src/stm32g0xx_hal_hcd.c:499:14:HAL_HCD_MspInit	16	static
C:/Users/tilie/Documents/bobi/board-g0b1/NiamaGO-G0B1/Drivers/STM32G0xx_HAL_Driver/Src/stm32g0xx_hal_hcd.c:514:14:HAL_HCD_MspDeInit	16	static
C:/Users/tilie/Documents/bobi/board-g0b1/NiamaGO-G0B1/Drivers/STM32G0xx_HAL_Driver/Src/stm32g0xx_hal_hcd.c:524:13:HAL_HCD_SuspendCallback	16	static
C:/Users/tilie/Documents/bobi/board-g0b1/NiamaGO-G0B1/Drivers/STM32G0xx_HAL_Driver/Src/stm32g0xx_hal_hcd.c:535:13:HAL_HCD_ResumeCallback	16	static
C:/Users/tilie/Documents/bobi/board-g0b1/NiamaGO-G0B1/Drivers/STM32G0xx_HAL_Driver/Src/stm32g0xx_hal_hcd.c:587:19:HAL_HCD_HC_SubmitRequest	24	static
C:/Users/tilie/Documents/bobi/board-g0b1/NiamaGO-G0B1/Drivers/STM32G0xx_HAL_Driver/Src/stm32g0xx_hal_hcd.c:707:6:HAL_HCD_IRQHandler	40	static
C:/Users/tilie/Documents/bobi/board-g0b1/NiamaGO-G0B1/Drivers/STM32G0xx_HAL_Driver/Src/stm32g0xx_hal_hcd.c:875:13:HAL_HCD_SOF_Callback	16	static
C:/Users/tilie/Documents/bobi/board-g0b1/NiamaGO-G0B1/Drivers/STM32G0xx_HAL_Driver/Src/stm32g0xx_hal_hcd.c:890:13:HAL_HCD_Connect_Callback	16	static
C:/Users/tilie/Documents/bobi/board-g0b1/NiamaGO-G0B1/Drivers/STM32G0xx_HAL_Driver/Src/stm32g0xx_hal_hcd.c:905:13:HAL_HCD_Disconnect_Callback	16	static
C:/Users/tilie/Documents/bobi/board-g0b1/NiamaGO-G0B1/Drivers/STM32G0xx_HAL_Driver/Src/stm32g0xx_hal_hcd.c:919:13:HAL_HCD_PortEnabled_Callback	16	static
C:/Users/tilie/Documents/bobi/board-g0b1/NiamaGO-G0B1/Drivers/STM32G0xx_HAL_Driver/Src/stm32g0xx_hal_hcd.c:933:13:HAL_HCD_PortDisabled_Callback	16	static
C:/Users/tilie/Documents/bobi/board-g0b1/NiamaGO-G0B1/Drivers/STM32G0xx_HAL_Driver/Src/stm32g0xx_hal_hcd.c:958:13:HAL_HCD_HC_NotifyURBChange_Callback	16	static
C:/Users/tilie/Documents/bobi/board-g0b1/NiamaGO-G0B1/Drivers/STM32G0xx_HAL_Driver/Src/stm32g0xx_hal_hcd.c:1276:19:HAL_HCD_Start	16	static
C:/Users/tilie/Documents/bobi/board-g0b1/NiamaGO-G0B1/Drivers/STM32G0xx_HAL_Driver/Src/stm32g0xx_hal_hcd.c:1299:19:HAL_HCD_Stop	16	static
C:/Users/tilie/Documents/bobi/board-g0b1/NiamaGO-G0B1/Drivers/STM32G0xx_HAL_Driver/Src/stm32g0xx_hal_hcd.c:1323:19:HAL_HCD_Suspend	24	static
C:/Users/tilie/Documents/bobi/board-g0b1/NiamaGO-G0B1/Drivers/STM32G0xx_HAL_Driver/Src/stm32g0xx_hal_hcd.c:1347:19:HAL_HCD_Resume	16	static
C:/Users/tilie/Documents/bobi/board-g0b1/NiamaGO-G0B1/Drivers/STM32G0xx_HAL_Driver/Src/stm32g0xx_hal_hcd.c:1360:19:HAL_HCD_ResetPort	16	static
C:/Users/tilie/Documents/bobi/board-g0b1/NiamaGO-G0B1/Drivers/STM32G0xx_HAL_Driver/Src/stm32g0xx_hal_hcd.c:1381:19:HAL_HCD_ResumePort	16	static
C:/Users/tilie/Documents/bobi/board-g0b1/NiamaGO-G0B1/Drivers/STM32G0xx_HAL_Driver/Src/stm32g0xx_hal_hcd.c:1418:18:HAL_HCD_GetState	16	static
C:/Users/tilie/Documents/bobi/board-g0b1/NiamaGO-G0B1/Drivers/STM32G0xx_HAL_Driver/Src/stm32g0xx_hal_hcd.c:1437:21:HAL_HCD_HC_GetURBState	16	static
C:/Users/tilie/Documents/bobi/board-g0b1/NiamaGO-G0B1/Drivers/STM32G0xx_HAL_Driver/Src/stm32g0xx_hal_hcd.c:1450:10:HAL_HCD_HC_GetXferCount	16	static
C:/Users/tilie/Documents/bobi/board-g0b1/NiamaGO-G0B1/Drivers/STM32G0xx_HAL_Driver/Src/stm32g0xx_hal_hcd.c:1472:21:HAL_HCD_HC_GetState	16	static
C:/Users/tilie/Documents/bobi/board-g0b1/NiamaGO-G0B1/Drivers/STM32G0xx_HAL_Driver/Src/stm32g0xx_hal_hcd.c:1482:10:HAL_HCD_GetCurrentFrame	16	static
C:/Users/tilie/Documents/bobi/board-g0b1/NiamaGO-G0B1/Drivers/STM32G0xx_HAL_Driver/Src/stm32g0xx_hal_hcd.c:1495:10:HAL_HCD_GetCurrentSpeed	16	static
C:/Users/tilie/Documents/bobi/board-g0b1/NiamaGO-G0B1/Drivers/STM32G0xx_HAL_Driver/Src/stm32g0xx_hal_hcd.c:1509:13:HCD_HC_OUT_BulkDb	104	static
C:/Users/tilie/Documents/bobi/board-g0b1/NiamaGO-G0B1/Drivers/STM32G0xx_HAL_Driver/Src/stm32g0xx_hal_hcd.c:1655:13:HCD_HC_IN_BulkDb	64	static
C:/Users/tilie/Documents/bobi/board-g0b1/NiamaGO-G0B1/Drivers/STM32G0xx_HAL_Driver/Src/stm32g0xx_hal_hcd.c:1745:20:HCD_HC_IN_ISO	48	static
C:/Users/tilie/Documents/bobi/board-g0b1/NiamaGO-G0B1/Drivers/STM32G0xx_HAL_Driver/Src/stm32g0xx_hal_hcd.c:1813:13:HCD_HC_IN_IRQHandler	72	static
C:/Users/tilie/Documents/bobi/board-g0b1/NiamaGO-G0B1/Drivers/STM32G0xx_HAL_Driver/Src/stm32g0xx_hal_hcd.c:1956:13:HCD_HC_OUT_IRQHandler	64	static
C:/Users/tilie/Documents/bobi/board-g0b1/NiamaGO-G0B1/Drivers/STM32G0xx_HAL_Driver/Src/stm32g0xx_hal_hcd.c:2147:13:HCD_Port_IRQHandler	24	static
C:/Users/tilie/Documents/bobi/board-g0b1/NiamaGO-G0B1/Drivers/STM32G0xx_HAL_Driver/Src/stm32g0xx_hal_hcd.c:2226:16:HAL_HCD_Check_usedChannel	24	static
C:/Users/tilie/Documents/bobi/board-g0b1/NiamaGO-G0B1/Drivers/STM32G0xx_HAL_Driver/Src/stm32g0xx_hal_hcd.c:2260:16:HAL_HCD_GetLogical_Channel	16	static
C:/Users/tilie/Documents/bobi/board-g0b1/NiamaGO-G0B1/Drivers/STM32G0xx_HAL_Driver/Src/stm32g0xx_hal_hcd.c:2308:16:HAL_HCD_Get_FreePhyChannel	32	static
C:/Users/tilie/Documents/bobi/board-g0b1/NiamaGO-G0B1/Drivers/STM32G0xx_HAL_Driver/Src/stm32g0xx_hal_hcd.c:2418:14:HAL_HCD_ClearPhyChannel	24	static
C:/Users/tilie/Documents/bobi/board-g0b1/NiamaGO-G0B1/Drivers/STM32G0xx_HAL_Driver/Src/stm32g0xx_hal_hcd.c:2451:17:HAL_HCD_GetFreePMA	48	static
C:/Users/tilie/Documents/bobi/board-g0b1/NiamaGO-G0B1/Drivers/STM32G0xx_HAL_Driver/Src/stm32g0xx_hal_hcd.c:2558:20:HAL_HCD_PMAlloc	40	static
C:/Users/tilie/Documents/bobi/board-g0b1/NiamaGO-G0B1/Drivers/STM32G0xx_HAL_Driver/Src/stm32g0xx_hal_hcd.c:2661:20:HAL_HCD_PMADeAlloc	32	static
C:/Users/tilie/Documents/bobi/board-g0b1/NiamaGO-G0B1/Drivers/STM32G0xx_HAL_Driver/Src/stm32g0xx_hal_hcd.c:2707:20:HAL_HCD_PMAReset	24	static
C:/Users/tilie/Documents/bobi/board-g0b1/NiamaGO-G0B1/Drivers/STM32G0xx_HAL_Driver/Src/stm32g0xx_hal_hcd.c:2731:27:HAL_HCD_PMAFree	48	static
