C:/Users/tilie/Documents/bobi/board-g0b1/NiamaGO-G0B1/Core/Src/main.c:68:5:main	8	static
C:/Users/tilie/Documents/bobi/board-g0b1/NiamaGO-G0B1/Core/Src/main.c:125:6:SystemClock_Config	96	static
C:/Users/tilie/Documents/bobi/board-g0b1/NiamaGO-G0B1/Core/Src/main.c:171:13:MX_USART3_UART_Init	8	static
C:/Users/tilie/Documents/bobi/board-g0b1/NiamaGO-G0B1/Core/Src/main.c:219:13:MX_USB_DRD_FS_HCD_Init	8	static
C:/Users/tilie/Documents/bobi/board-g0b1/NiamaGO-G0B1/Core/Src/main.c:256:13:MX_GPIO_Init	56	static
C:/Users/tilie/Documents/bobi/board-g0b1/NiamaGO-G0B1/Core/Src/main.c:296:6:Error_Handler	8	static,ignoring_inline_asm
