C:/Users/tilie/Documents/bobi/board-g0b1/NiamaGO-G0B1/Core/Src/main.c:69:5:main	8	static
C:/Users/tilie/Documents/bobi/board-g0b1/NiamaGO-G0B1/Core/Src/main.c:129:6:SystemClock_Config	96	static
C:/Users/tilie/Documents/bobi/board-g0b1/NiamaGO-G0B1/Core/Src/main.c:175:13:MX_CRC_Init	8	static
C:/Users/tilie/Documents/bobi/board-g0b1/NiamaGO-G0B1/Core/Src/main.c:206:13:MX_USART3_UART_Init	8	static
C:/Users/tilie/Documents/bobi/board-g0b1/NiamaGO-G0B1/Core/Src/main.c:254:13:MX_GPIO_Init	56	static
C:/Users/tilie/Documents/bobi/board-g0b1/NiamaGO-G0B1/Core/Src/main.c:294:6:Error_Handler	8	static,ignoring_inline_asm
